2026-02-02 22:29:09 | ERROR    | src.agents.signal_selection_agent:generate_signal:83 - Error generating signal: "Could not resolve authentication method. Expected either api_key or auth_token to be set. Or for one of the `X-Api-Key` or `Authorization` headers to be explicitly omitted"

2026-02-02 22:29:09 | ERROR    | src.agents.signal_selection_agent:generate_signal:83 - Error generating signal: "Could not resolve authentication method. Expected either api_key or auth_token to be set. Or for one of the `X-Api-Key` or `Authorization` headers to be explicitly omitted"

2026-02-02 22:29:10 | ERROR    | src.agents.signal_selection_agent:generate_signal:83 - Error generating signal: "Could not resolve authentication method. Expected either api_key or auth_token to be set. Or for one of the `X-Api-Key` or `Authorization` headers to be explicitly omitted"

2026-02-02 22:29:10 | ERROR    | src.agents.signal_selection_agent:generate_signal:83 - Error generating signal: "Could not resolve authentication method. Expected either api_key or auth_token to be set. Or for one of the `X-Api-Key` or `Authorization` headers to be explicitly omitted"

2026-02-02 22:29:10 | ERROR    | src.agents.signal_selection_agent:generate_signal:83 - Error generating signal: "Could not resolve authentication method. Expected either api_key or auth_token to be set. Or for one of the `X-Api-Key` or `Authorization` headers to be explicitly omitted"

2026-02-02 22:29:10 | ERROR    | src.agents.signal_selection_agent:generate_signal:83 - Error generating signal: "Could not resolve authentication method. Expected either api_key or auth_token to be set. Or for one of the `X-Api-Key` or `Authorization` headers to be explicitly omitted"

2026-02-02 22:29:10 | ERROR    | src.agents.signal_selection_agent:generate_signal:83 - Error generating signal: "Could not resolve authentication method. Expected either api_key or auth_token to be set. Or for one of the `X-Api-Key` or `Authorization` headers to be explicitly omitted"

2026-02-02 22:29:10 | ERROR    | src.agents.signal_selection_agent:generate_signal:83 - Error generating signal: "Could not resolve authentication method. Expected either api_key or auth_token to be set. Or for one of the `X-Api-Key` or `Authorization` headers to be explicitly omitted"

2026-02-02 22:29:10 | ERROR    | src.agents.signal_selection_agent:generate_signal:83 - Error generating signal: "Could not resolve authentication method. Expected either api_key or auth_token to be set. Or for one of the `X-Api-Key` or `Authorization` headers to be explicitly omitted"

2026-02-02 22:32:26 | ERROR    | src.agents.signal_selection_agent:generate_signal:83 - Error generating signal: "Could not resolve authentication method. Expected either api_key or auth_token to be set. Or for one of the `X-Api-Key` or `Authorization` headers to be explicitly omitted"

2026-02-02 22:32:26 | ERROR    | src.agents.signal_selection_agent:generate_signal:83 - Error generating signal: "Could not resolve authentication method. Expected either api_key or auth_token to be set. Or for one of the `X-Api-Key` or `Authorization` headers to be explicitly omitted"

2026-02-02 22:32:26 | ERROR    | src.agents.signal_selection_agent:generate_signal:83 - Error generating signal: "Could not resolve authentication method. Expected either api_key or auth_token to be set. Or for one of the `X-Api-Key` or `Authorization` headers to be explicitly omitted"

2026-02-02 22:32:26 | ERROR    | src.agents.signal_selection_agent:generate_signal:83 - Error generating signal: "Could not resolve authentication method. Expected either api_key or auth_token to be set. Or for one of the `X-Api-Key` or `Authorization` headers to be explicitly omitted"

2026-02-02 22:32:26 | ERROR    | src.agents.signal_selection_agent:generate_signal:83 - Error generating signal: "Could not resolve authentication method. Expected either api_key or auth_token to be set. Or for one of the `X-Api-Key` or `Authorization` headers to be explicitly omitted"

2026-02-02 22:32:26 | ERROR    | src.agents.signal_selection_agent:generate_signal:83 - Error generating signal: "Could not resolve authentication method. Expected either api_key or auth_token to be set. Or for one of the `X-Api-Key` or `Authorization` headers to be explicitly omitted"

2026-02-02 22:32:26 | ERROR    | src.agents.signal_selection_agent:generate_signal:83 - Error generating signal: "Could not resolve authentication method. Expected either api_key or auth_token to be set. Or for one of the `X-Api-Key` or `Authorization` headers to be explicitly omitted"

2026-02-02 22:32:26 | ERROR    | src.agents.signal_selection_agent:generate_signal:83 - Error generating signal: "Could not resolve authentication method. Expected either api_key or auth_token to be set. Or for one of the `X-Api-Key` or `Authorization` headers to be explicitly omitted"

2026-02-02 22:32:26 | ERROR    | src.agents.signal_selection_agent:generate_signal:83 - Error generating signal: "Could not resolve authentication method. Expected either api_key or auth_token to be set. Or for one of the `X-Api-Key` or `Authorization` headers to be explicitly omitted"

2026-02-02 22:38:03 | ERROR    | src.agents.signal_selection_agent:generate_signal:83 - Error generating signal: "Could not resolve authentication method. Expected either api_key or auth_token to be set. Or for one of the `X-Api-Key` or `Authorization` headers to be explicitly omitted"

2026-02-02 22:38:03 | ERROR    | src.agents.signal_selection_agent:generate_signal:83 - Error generating signal: "Could not resolve authentication method. Expected either api_key or auth_token to be set. Or for one of the `X-Api-Key` or `Authorization` headers to be explicitly omitted"

2026-02-02 22:38:03 | ERROR    | src.agents.signal_selection_agent:generate_signal:83 - Error generating signal: "Could not resolve authentication method. Expected either api_key or auth_token to be set. Or for one of the `X-Api-Key` or `Authorization` headers to be explicitly omitted"

2026-02-02 22:38:03 | ERROR    | src.agents.signal_selection_agent:generate_signal:83 - Error generating signal: "Could not resolve authentication method. Expected either api_key or auth_token to be set. Or for one of the `X-Api-Key` or `Authorization` headers to be explicitly omitted"

2026-02-02 22:38:03 | ERROR    | src.agents.signal_selection_agent:generate_signal:83 - Error generating signal: "Could not resolve authentication method. Expected either api_key or auth_token to be set. Or for one of the `X-Api-Key` or `Authorization` headers to be explicitly omitted"

2026-02-02 22:38:03 | ERROR    | src.agents.signal_selection_agent:generate_signal:83 - Error generating signal: "Could not resolve authentication method. Expected either api_key or auth_token to be set. Or for one of the `X-Api-Key` or `Authorization` headers to be explicitly omitted"

2026-02-02 22:38:03 | ERROR    | src.agents.signal_selection_agent:generate_signal:83 - Error generating signal: "Could not resolve authentication method. Expected either api_key or auth_token to be set. Or for one of the `X-Api-Key` or `Authorization` headers to be explicitly omitted"

2026-02-02 22:38:03 | ERROR    | src.agents.signal_selection_agent:generate_signal:83 - Error generating signal: "Could not resolve authentication method. Expected either api_key or auth_token to be set. Or for one of the `X-Api-Key` or `Authorization` headers to be explicitly omitted"

2026-02-02 22:38:03 | ERROR    | src.agents.signal_selection_agent:generate_signal:83 - Error generating signal: "Could not resolve authentication method. Expected either api_key or auth_token to be set. Or for one of the `X-Api-Key` or `Authorization` headers to be explicitly omitted"

2026-02-02 22:41:17 | ERROR    | src.agents.signal_selection_agent:generate_signal:83 - Error generating signal: "Could not resolve authentication method. Expected either api_key or auth_token to be set. Or for one of the `X-Api-Key` or `Authorization` headers to be explicitly omitted"

2026-02-02 22:41:17 | ERROR    | src.agents.signal_selection_agent:generate_signal:83 - Error generating signal: "Could not resolve authentication method. Expected either api_key or auth_token to be set. Or for one of the `X-Api-Key` or `Authorization` headers to be explicitly omitted"

2026-02-02 22:41:17 | ERROR    | src.agents.signal_selection_agent:generate_signal:83 - Error generating signal: "Could not resolve authentication method. Expected either api_key or auth_token to be set. Or for one of the `X-Api-Key` or `Authorization` headers to be explicitly omitted"

2026-02-02 22:41:17 | ERROR    | src.agents.signal_selection_agent:generate_signal:83 - Error generating signal: "Could not resolve authentication method. Expected either api_key or auth_token to be set. Or for one of the `X-Api-Key` or `Authorization` headers to be explicitly omitted"

2026-02-02 22:41:17 | ERROR    | src.agents.signal_selection_agent:generate_signal:83 - Error generating signal: "Could not resolve authentication method. Expected either api_key or auth_token to be set. Or for one of the `X-Api-Key` or `Authorization` headers to be explicitly omitted"

2026-02-02 22:41:17 | ERROR    | src.agents.signal_selection_agent:generate_signal:83 - Error generating signal: "Could not resolve authentication method. Expected either api_key or auth_token to be set. Or for one of the `X-Api-Key` or `Authorization` headers to be explicitly omitted"

2026-02-02 22:41:18 | ERROR    | src.agents.signal_selection_agent:generate_signal:83 - Error generating signal: "Could not resolve authentication method. Expected either api_key or auth_token to be set. Or for one of the `X-Api-Key` or `Authorization` headers to be explicitly omitted"

2026-02-02 22:41:18 | ERROR    | src.agents.signal_selection_agent:generate_signal:83 - Error generating signal: "Could not resolve authentication method. Expected either api_key or auth_token to be set. Or for one of the `X-Api-Key` or `Authorization` headers to be explicitly omitted"

2026-02-02 22:41:18 | ERROR    | src.agents.signal_selection_agent:generate_signal:83 - Error generating signal: "Could not resolve authentication method. Expected either api_key or auth_token to be set. Or for one of the `X-Api-Key` or `Authorization` headers to be explicitly omitted"

2026-02-02 22:45:18 | ERROR    | src.utils.kalshi_client:get_market:318 - Error fetching market AAPL-EARNINGS-TMW: (404)
Reason: Not Found
HTTP response headers: HTTPHeaderDict({'Content-Type': 'application/json; charset=utf-8', 'Content-Length': '79', 'Connection': 'keep-alive', 'Date': 'Tue, 03 Feb 2026 03:45:18 GMT', 'x-content-type-options': 'nosniff', 'content-security-policy': "default-src 'none';", 'strict-transport-security': 'max-age=31536000; includeSubDomains', 'X-Cache': 'Error from cloudfront', 'Via': '1.1 ba216b84715065cc64a6c8c9b5abf790.cloudfront.net (CloudFront)', 'X-Amz-Cf-Pop': 'PHL51-P3', 'X-Amz-Cf-Id': 't_Ix_BvncEJbAIIvZ2NP-eN6gtQcOO2Lqzv1UgR8Rk1O3Bv8St72bg=='})
HTTP response body: error=ErrorResponseError(code='not_found', message='not found', details=None)


2026-02-02 22:45:18 | ERROR    | src.utils.kalshi_client:get_market:318 - Error fetching market NFL-CHIEFS-SUN: (404)
Reason: Not Found
HTTP response headers: HTTPHeaderDict({'Content-Type': 'application/json; charset=utf-8', 'Content-Length': '79', 'Connection': 'keep-alive', 'Date': 'Tue, 03 Feb 2026 03:45:18 GMT', 'x-content-type-options': 'nosniff', 'content-security-policy': "default-src 'none';", 'strict-transport-security': 'max-age=31536000; includeSubDomains', 'X-Cache': 'Error from cloudfront', 'Via': '1.1 ba216b84715065cc64a6c8c9b5abf790.cloudfront.net (CloudFront)', 'X-Amz-Cf-Pop': 'PHL51-P3', 'X-Amz-Cf-Id': 'cI5yTE13Mn-T21IUstQXxOYjnCs7k5YQyTUtYRLLh0o5VZKtckMELg=='})
HTTP response body: error=ErrorResponseError(code='not_found', message='not found', details=None)


2026-02-02 22:45:19 | ERROR    | src.utils.news_fetcher:get_twitter_sentiment:259 - Error fetching Twitter data: 400 Bad Request
There were errors processing your request: no viable alternative at input '<EOF>' (at position 37)

